// Jest Snapshot v1, https://goo.gl/fbAQLP

exports[`Swap view renders correctly 1`] = `
<div
  className="swap"
>
  <div
    className="swap__header"
  >
    <h1
      className="swap__header__title"
    >
      Import
    </h1>
    <button
      aria-label="Download wallet"
      className="swap__header__btn"
    >
      <img
        alt="download"
        className="swap__header__btn__icon"
        src=""
      />
    </button>
  </div>
  <div
    className="swap__tokens"
  >
    <div
      className="swap__tokens__item"
    >
      <div
        className="swap__tokens__item__logo"
      >
        <div
          className="swap__tokens__item__logo__image-wrapper"
        >
          <img
            alt="eth"
            src=""
          />
        </div>
      </div>
      <div
        className="swap__tokens__item__select"
        onClick={[Function]}
      >
        <span
          className="swap__tokens__item__selected"
        >
          GOERLI
        </span>
        <div
          className="swap__tokens__item__select__triangle"
        />
      </div>
    </div>
    <div
      className="swap__tokens__swap-icon"
      onClick={[Function]}
    >
      <img
        alt="swap"
        src=""
      />
    </div>
    <div
      className="swap__tokens__item"
    >
      <div
        className="swap__tokens__item__logo"
      >
        <div
          className="swap__tokens__item__logo__image-wrapper"
        >
          <img
            alt="eth"
            src=""
          />
        </div>
      </div>
      <div
        className="swap__tokens__item__select"
        onClick={[Function]}
      >
        <span
          className="swap__tokens__item__selected"
        >
          GOERLI
        </span>
        <div
          className="swap__tokens__item__select__triangle"
        />
      </div>
    </div>
  </div>
  <div
    className="swap__tabs"
  >
    <span
      className="swap__tabs__item token-active"
      onClick={[Function]}
    >
      Token
    </span>
    <span
      className="swap__tabs__item nft-inactive"
      onClick={[Function]}
    >
      NFT
    </span>
  </div>
  <div
    className="swap__token-list"
    onClick={[Function]}
  >
    <div
      className="swap__token-list__circle"
    />
    <span
      className="swap__token-list__selected-item"
    >
      Asset (Price in USDT)
    </span>
    <div
      className="swap__token-list__triangle"
    />
  </div>
  <div
    className="swap__amount"
    onChange={[Function]}
  >
    <input
      aria-label="swap-amount"
      className="swap__amount__value"
      placeholder="Amount"
      type="string"
      value=""
    />
    <button
      aria-label="Available balance"
      className="swap__amount__available-btn"
    >
      Available
    </button>
    <button
      aria-label="Max balance"
      className="swap__amount__max-btn"
    >
      Max
    </button>
  </div>
  <div
    className="swap__comission"
  >
    <span
      className="swap__comission__label"
    >
      Current fee is 5%
    </span>
    <svg
      className="info-icon"
      fill="none"
      height="18"
      viewBox="0 0 18 18"
      width="18"
      xmlns="http://www.w3.org/2000/svg"
    >
      <g
        clipPath="url(#clip0_869_1013)"
      >
        <path
          d="M0 9.52877C0 9.17971 0 8.82544 0 8.47639C0.0104197 8.42429 0.0260492 8.3774 0.0312591 8.3253C0.130246 6.91864 0.531404 5.59534 1.27641 4.39708C2.95919 1.68275 5.41303 0.208368 8.60666 0.0156038C10.2373 -0.0833832 11.7951 0.260466 13.2226 1.05757C16.1766 2.70909 17.7812 5.24107 17.9844 8.61705C18.0834 10.2425 17.7291 11.7898 16.9424 13.2173C15.5462 15.7545 13.4153 17.3071 10.5656 17.8541C10.2217 17.9218 9.87265 17.9479 9.52359 17.9948C9.17453 17.9948 8.82026 17.9948 8.4712 17.9948C8.42431 17.9843 8.38264 17.9687 8.33575 17.9635C6.77279 17.8541 5.33488 17.3696 4.03763 16.4943C1.91201 15.0564 0.604342 13.0715 0.140666 10.5447C0.0781476 10.2113 0.0468886 9.86741 0 9.52877ZM12.488 6.86654C12.4776 5.79853 12.2171 5.18898 11.7117 4.68883C11.1855 4.16785 10.5395 3.88652 9.81534 3.78232C8.61187 3.61039 7.48654 3.80316 6.53835 4.61589C5.94964 5.12125 5.57453 5.75685 5.52243 6.54874C5.49638 6.92385 5.67352 7.19476 5.97569 7.37711C6.47583 7.68449 7.04892 7.45526 7.28336 6.87175C7.38756 6.61647 7.47612 6.35598 7.59595 6.11112C7.74703 5.79853 7.9398 5.50678 8.27323 5.35569C8.73169 5.1473 9.211 5.12646 9.67468 5.29317C10.5291 5.59534 10.8365 6.56437 10.3051 7.24165C10.2113 7.36148 10.1071 7.4761 9.99769 7.58029C9.57048 7.98666 9.12243 8.3774 8.70565 8.79419C8.17424 9.32559 7.95022 9.98203 7.98669 10.727C8.01274 11.2116 8.3097 11.5189 8.77337 11.5606C9.23184 11.5971 9.53922 11.3678 9.65905 10.8885C9.68509 10.7843 9.71635 10.6854 9.73198 10.5812C9.79971 10.2008 9.98206 9.88304 10.2686 9.61734C10.7219 9.20055 11.1751 8.78377 11.6179 8.36177C12.1441 7.86162 12.4984 7.2677 12.488 6.86654ZM9.9508 13.2486C9.95601 12.6599 9.51838 12.2066 8.92967 12.1962C8.32533 12.1858 7.85644 12.6443 7.85123 13.233C7.85123 13.8321 8.28365 14.2697 8.8932 14.2749C9.50275 14.2854 9.94559 13.8529 9.9508 13.2486Z"
          fill="white"
        />
      </g>
      <defs>
        <clipPath
          id="clip0_869_1013"
        >
          <rect
            fill="white"
            height="18"
            width="18"
          />
        </clipPath>
      </defs>
    </svg>
    <span
      className="swap__comission__title"
    >
      Commissions
    </span>
  </div>
  <div
    className="swap__destination"
    onChange={[Function]}
  >
    <input
      aria-label="swap-destination"
      className="swap__amount__value"
      placeholder="Destination"
      type="text"
      value=""
    />
  </div>
  <button
    aria-label="Connect wallet"
    className="swap__btn"
    onClick={[Function]}
  >
    Connect wallet
  </button>
</div>
`;
